Row: 0
Column: 0
Message:
For pattern:

Defines:
given?:
when?:
means?:
evaluated?:
viewing?:
using?:
written:
called?:
Metadata?:

Expected a written
EndMessage: