// Jest Snapshot v1, https://goo.gl/fbAQLP

exports[`it renders 1`] = `
<div
  class="errorMessage"
>
  <span
    class="errorLabel"
  >
    ERROR:
  </span>
   
  some custom error
</div>
`;
