Root(
  groups = [
             Group(
               sections = [
                            Section(
                              name = Phase1Token(
                                text = "Theorem"
                                type = ChalkTalkTokenType.Name
                                row = 0
                                column = 0
                              )
                              args = [
                                     ]
                            ),
                            Section(
                              name = Phase1Token(
                                text = "then"
                                type = ChalkTalkTokenType.Name
                                row = 1
                                column = 0
                              )
                              args = [
                                       Argument(
                                         chalkTalkTarget = Group(
                                           sections = [
                                                        Section(
                                                          name = Phase1Token(
                                                            text = "forAll"
                                                            type = ChalkTalkTokenType.Name
                                                            row = 2
                                                            column = 2
                                                          )
                                                          args = [
                                                                   Argument(
                                                                     chalkTalkTarget = Abstraction(
                                                                       isEnclosed = true
                                                                       isVarArgs = false
                                                                       parts = [
                                                                                 AbstractionPart(
                                                                                   name = Phase1Token(
                                                                                     text = "a_i"
                                                                                     type = ChalkTalkTokenType.Name
                                                                                     row = 2
                                                                                     column = 11
                                                                                   )
                                                                                   subParams = null
                                                                                   params = null
                                                                                   tail = null
                                                                                 )
                                                                               ]
                                                                       subParams = null
                                                                     )
                                                                   )
                                                                 ]
                                                        ),
                                                        Section(
                                                          name = Phase1Token(
                                                            text = "then"
                                                            type = ChalkTalkTokenType.Name
                                                            row = 3
                                                            column = 2
                                                          )
                                                          args = [
                                                                   Argument(
                                                                     chalkTalkTarget = Abstraction(
                                                                       isEnclosed = false
                                                                       isVarArgs = false
                                                                       parts = [
                                                                                 AbstractionPart(
                                                                                   name = Phase1Token(
                                                                                     text = "x"
                                                                                     type = ChalkTalkTokenType.Name
                                                                                     row = 3
                                                                                     column = 8
                                                                                   )
                                                                                   subParams = null
                                                                                   params = null
                                                                                   tail = null
                                                                                 )
                                                                               ]
                                                                       subParams = null
                                                                     )
                                                                   )
                                                                 ]
                                                        )
                                                      ]
                                           id = null
                                         )
                                       )
                                     ]
                            )
                          ]
               id = null
             )
           ]
)
