Root(
  groups = [
             Group(
               sections = [
                            Section(
                              name = Phase1Token(
                                text = "Defines"
                                type = ChalkTalkTokenType.Name
                                row = 1
                                column = 0
                              )
                              args = [
                                       Argument(
                                         chalkTalkTarget = Abstraction(
                                           isEnclosed = false
                                           isVarArgs = false
                                           parts = [
                                                     AbstractionPart(
                                                       name = Phase1Token(
                                                         text = "B"
                                                         type = ChalkTalkTokenType.Name
                                                         row = 1
                                                         column = 9
                                                       )
                                                       subParams = null
                                                       params = null
                                                       tail = null
                                                       row = 1
                                                       column = 9
                                                     )
                                                   ]
                                           subParams = null
                                           row = 1
                                           column = 9
                                         )
                                         row = 1
                                         column = 9
                                         isInline = true
                                       )
                                     ]
                              row = 1
                              column = 0
                            ),
                            Section(
                              name = Phase1Token(
                                text = "satisfying"
                                type = ChalkTalkTokenType.Name
                                row = 2
                                column = 0
                              )
                              args = [
                                       Argument(
                                         chalkTalkTarget = Phase1Token(
                                           text = "'B is \something'"
                                           type = ChalkTalkTokenType.Statement
                                           row = 3
                                           column = 2
                                         )
                                         row = 3
                                         column = 2
                                         isInline = false
                                       ),
                                       Argument(
                                         chalkTalkTarget = Phase1Token(
                                           text = ""C""
                                           type = ChalkTalkTokenType.String
                                           row = 4
                                           column = 2
                                         )
                                         row = 4
                                         column = 2
                                         isInline = false
                                       )
                                     ]
                              row = 2
                              column = 0
                            ),
                            Section(
                              name = Phase1Token(
                                text = "written"
                                type = ChalkTalkTokenType.Name
                                row = 5
                                column = 0
                              )
                              args = [
                                       Argument(
                                         chalkTalkTarget = Phase1Token(
                                           text = ""something""
                                           type = ChalkTalkTokenType.String
                                           row = 5
                                           column = 9
                                         )
                                         row = 5
                                         column = 9
                                         isInline = true
                                       )
                                     ]
                              row = 5
                              column = 0
                            ),
                            Section(
                              name = Phase1Token(
                                text = "called"
                                type = ChalkTalkTokenType.Name
                                row = 6
                                column = 0
                              )
                              args = [
                                       Argument(
                                         chalkTalkTarget = Phase1Token(
                                           text = ""A?""
                                           type = ChalkTalkTokenType.String
                                           row = 6
                                           column = 8
                                         )
                                         row = 6
                                         column = 8
                                         isInline = true
                                       )
                                     ]
                              row = 6
                              column = 0
                            )
                          ]
               id = Phase1Token(
                 text = "[A]"
                 type = ChalkTalkTokenType.Id
                 row = 0
                 column = 0
               )
               row = 0
               column = 0
             )
           ]
  row = 0
  column = 0
)
