Root(
  groups = [
             Group(
               sections = [
                            Section(
                              name = Phase1Token(
                                text = "Theorem"
                                type = ChalkTalkTokenType.Name
                                row = 0
                                column = 0
                              )
                              args = [
                                     ]
                            ),
                            Section(
                              name = Phase1Token(
                                text = "then"
                                type = ChalkTalkTokenType.Name
                                row = 1
                                column = 0
                              )
                              args = [
                                       Argument(
                                         chalkTalkTarget = Abstraction(
                                           isEnclosed = false
                                           isVarArgs = false
                                           parts = [
                                                     AbstractionPart(
                                                       name = Phase1Token(
                                                         text = "a"
                                                         type = ChalkTalkTokenType.Name
                                                         row = 1
                                                         column = 6
                                                       )
                                                       subParams = null
                                                       params = null
                                                       tail = null
                                                     )
                                                   ]
                                           subParams = null
                                         )
                                       ),
                                       Argument(
                                         chalkTalkTarget = Abstraction(
                                           isEnclosed = false
                                           isVarArgs = false
                                           parts = [
                                                     AbstractionPart(
                                                       name = Phase1Token(
                                                         text = "b"
                                                         type = ChalkTalkTokenType.Name
                                                         row = 1
                                                         column = 9
                                                       )
                                                       subParams = null
                                                       params = null
                                                       tail = null
                                                     )
                                                   ]
                                           subParams = null
                                         )
                                       ),
                                       Argument(
                                         chalkTalkTarget = Abstraction(
                                           isEnclosed = false
                                           isVarArgs = false
                                           parts = [
                                                     AbstractionPart(
                                                       name = Phase1Token(
                                                         text = "c"
                                                         type = ChalkTalkTokenType.Name
                                                         row = 1
                                                         column = 12
                                                       )
                                                       subParams = null
                                                       params = null
                                                       tail = null
                                                     )
                                                   ]
                                           subParams = null
                                         )
                                       )
                                     ]
                            )
                          ]
               id = null
             )
           ]
)
