Document(
  groups = [
             TheoremGroup(
               signature = null
               id = null
               theoremSection = TheoremSection(
                 names = [
                         ]
                 row = 0
                 column = 0
               )
               givenSection = null
               whenSection = null
               thenSection = ThenSection(
                 clauses = ClauseListNode(
                   clauses = [
                               ForAllGroup(
                                 forAllSection = ForAllSection(
                                   targets = [
                                               AbstractionNode(
                                                 abstraction = Abstraction(
                                                   isEnclosed = false
                                                   isVarArgs = false
                                                   parts = [
                                                             AbstractionPart(
                                                               name = Phase1Token(
                                                                 text = "a_n"
                                                                 type = ChalkTalkTokenType.Name
                                                                 row = 2
                                                                 column = 10
                                                               )
                                                               subParams = null
                                                               params = [
                                                                          Phase1Token(
                                                                            text = "x"
                                                                            type = ChalkTalkTokenType.Name
                                                                            row = 2
                                                                            column = 14
                                                                          ),
                                                                          Phase1Token(
                                                                            text = "y"
                                                                            type = ChalkTalkTokenType.Name
                                                                            row = 2
                                                                            column = 17
                                                                          )
                                                                        ]
                                                               tail = null
                                                               row = 2
                                                               column = 10
                                                             )
                                                           ]
                                                   subParams = null
                                                   row = 2
                                                   column = 10
                                                 )
                                                 row = 2
                                                 column = 10
                                               )
                                             ]
                                   row = 2
                                   column = 2
                                 )
                                 suchThatSection = null
                                 thenSection = ThenSection(
                                   clauses = ClauseListNode(
                                     clauses = [
                                                 AbstractionNode(
                                                   abstraction = Abstraction(
                                                     isEnclosed = false
                                                     isVarArgs = false
                                                     parts = [
                                                               AbstractionPart(
                                                                 name = Phase1Token(
                                                                   text = "b"
                                                                   type = ChalkTalkTokenType.Name
                                                                   row = 3
                                                                   column = 8
                                                                 )
                                                                 subParams = null
                                                                 params = null
                                                                 tail = null
                                                                 row = 3
                                                                 column = 8
                                                               )
                                                             ]
                                                     subParams = null
                                                     row = 3
                                                     column = 8
                                                   )
                                                   row = 3
                                                   column = 8
                                                 )
                                               ]
                                     row = 3
                                     column = 2
                                   )
                                   row = 3
                                   column = 2
                                 )
                                 row = 2
                                 column = 2
                               )
                             ]
                   row = 1
                   column = 0
                 )
                 row = 1
                 column = 0
               )
               iffSection = null
               usingSection = null
               proofSection = null
               metaDataSection = null
               row = 0
               column = 0
             )
           ]
  row = 0
  column = 0
)
