ExpressionTexTalkNode(
  children = [
               Command(
                 parts = [
                           CommandPart(
                             name = TextTexTalkNode(
                               type = TexTalkNodeType.Identifier
                               tokenType = TexTalkTokenType.Identifier
                               text = "some.compound"
                               isVarArg = false
                             )
                             square = null
                             subSup = null
                             groups = [
                                      ]
                             paren = null
                             namedGroups = [
                                           ]
                           ),
                           CommandPart(
                             name = TextTexTalkNode(
                               type = TexTalkNodeType.Identifier
                               tokenType = TexTalkTokenType.Identifier
                               text = "name"
                               isVarArg = false
                             )
                             square = null
                             subSup = null
                             groups = [
                                      ]
                             paren = null
                             namedGroups = [
                                           ]
                           )
                         ]
                 hasSuffix = false
               )
             ]
)
