Row: 1
Column: 0
Message:
For pattern:

Defines:
where?:
given?:
when?:
means?:
satisfying?:
expressing?:
using?:
writing?:
written:
called?:
Providing?:
Metadata?:

Expected a written
EndMessage:


Row: 5
Column: 0
Message:
For pattern:

Defines:
where?:
given?:
when?:
means?:
satisfying?:
expressing?:
using?:
writing?:
written:
called?:
Providing?:
Metadata?:

Expected a written
EndMessage:


Row: 9
Column: 0
Message:
For pattern:

Defines:
where?:
given?:
when?:
means?:
satisfying?:
expressing?:
using?:
writing?:
written:
called?:
Providing?:
Metadata?:

Expected a written
EndMessage:


Row: 13
Column: 0
Message:
For pattern:

Defines:
where?:
given?:
when?:
means?:
satisfying?:
expressing?:
using?:
writing?:
written:
called?:
Providing?:
Metadata?:

Expected a written
EndMessage:


Row: 17
Column: 0
Message:
For pattern:

Defines:
where?:
given?:
when?:
means?:
satisfying?:
expressing?:
using?:
writing?:
written:
called?:
Providing?:
Metadata?:

Expected a written
EndMessage:


Row: 21
Column: 0
Message:
For pattern:

Defines:
where?:
given?:
when?:
means?:
satisfying?:
expressing?:
using?:
writing?:
written:
called?:
Providing?:
Metadata?:

Expected a written
EndMessage: