Root(
  groups = [
             Group(
               sections = [
                            Section(
                              name = Phase1Token(
                                text = "Resource"
                                type = ChalkTalkTokenType.Name
                                row = 1
                                column = 0
                              )
                              args = [
                                       Argument(
                                         chalkTalkTarget = Group(
                                           sections = [
                                                        Section(
                                                          name = Phase1Token(
                                                            text = "name"
                                                            type = ChalkTalkTokenType.Name
                                                            row = 2
                                                            column = 2
                                                          )
                                                          args = [
                                                                   Argument(
                                                                     chalkTalkTarget = Phase1Token(
                                                                       text = ""some name""
                                                                       type = ChalkTalkTokenType.String
                                                                       row = 2
                                                                       column = 8
                                                                     )
                                                                   )
                                                                 ]
                                                        )
                                                      ]
                                           id = null
                                         )
                                       ),
                                       Argument(
                                         chalkTalkTarget = Group(
                                           sections = [
                                                        Section(
                                                          name = Phase1Token(
                                                            text = "type"
                                                            type = ChalkTalkTokenType.Name
                                                            row = 3
                                                            column = 2
                                                          )
                                                          args = [
                                                                   Argument(
                                                                     chalkTalkTarget = Phase1Token(
                                                                       text = ""Book""
                                                                       type = ChalkTalkTokenType.String
                                                                       row = 3
                                                                       column = 8
                                                                     )
                                                                   )
                                                                 ]
                                                        )
                                                      ]
                                           id = null
                                         )
                                       )
                                     ]
                            )
                          ]
               id = Phase1Token(
                 text = "[id]"
                 type = ChalkTalkTokenType.Id
                 row = 0
                 column = 0
               )
             )
           ]
)
