Document(
  groups = [
             DefinesGroup(
               signature = Signature(
                 form = "\f"
                 location = Location(
                   row = 0
                   column = 0
                 )
               )
               id = IdStatement(
                 text = "\f{x...}"
                 texTalkRoot = ValidationSuccess(
                   value = ExpressionTexTalkNode(
                     children = [
                                  Command(
                                    parts = [
                                              CommandPart(
                                                name = TextTexTalkNode(
                                                  type = TexTalkNodeType.Identifier
                                                  tokenType = TexTalkTokenType.Identifier
                                                  text = "f"
                                                  isVarArg = false
                                                )
                                                square = null
                                                subSup = null
                                                groups = [
                                                           GroupTexTalkNode(
                                                             type = TexTalkNodeType.CurlyGroup
                                                             parameters = ParametersTexTalkNode(
                                                               items = [
                                                                         ExpressionTexTalkNode(
                                                                           children = [
                                                                                        TextTexTalkNode(
                                                                                          type = TexTalkNodeType.Identifier
                                                                                          tokenType = TexTalkTokenType.Identifier
                                                                                          text = "x"
                                                                                          isVarArg = true
                                                                                        )
                                                                                      ]
                                                                         )
                                                                       ]
                                                             )
                                                             isVarArg = false
                                                           )
                                                         ]
                                                paren = null
                                                namedGroups = [
                                                              ]
                                              )
                                            ]
                                    hasSuffix = false
                                  )
                                ]
                   )
                 )
                 row = 0
                 column = 0
               )
               definesSection = DefinesSection(
                 targets = [
                             AbstractionNode(
                               abstraction = Abstraction(
                                 isEnclosed = false
                                 isVarArgs = false
                                 parts = [
                                           AbstractionPart(
                                             name = Phase1Token(
                                               text = "X...#x..."
                                               type = ChalkTalkTokenType.Name
                                               row = 1
                                               column = 9
                                             )
                                             subParams = null
                                             params = null
                                             tail = null
                                             row = 1
                                             column = 9
                                           )
                                         ]
                                 subParams = null
                                 row = 1
                                 column = 9
                               )
                               row = 1
                               column = 9
                             )
                           ]
                 row = 1
                 column = 0
               )
               givenSection = null
               whenSection = null
               meansSection = null
               satisfyingSection = SatisfyingSection(
                 clauses = ClauseListNode(
                   clauses = [
                               Statement(
                                 text = "X is \something"
                                 texTalkRoot = ValidationSuccess(
                                   value = ExpressionTexTalkNode(
                                     children = [
                                                  IsTexTalkNode(
                                                    lhs = ParametersTexTalkNode(
                                                      items = [
                                                                ExpressionTexTalkNode(
                                                                  children = [
                                                                               TextTexTalkNode(
                                                                                 type = TexTalkNodeType.Identifier
                                                                                 tokenType = TexTalkTokenType.Identifier
                                                                                 text = "X"
                                                                                 isVarArg = false
                                                                               )
                                                                             ]
                                                                )
                                                              ]
                                                    )
                                                    rhs = ParametersTexTalkNode(
                                                      items = [
                                                                ExpressionTexTalkNode(
                                                                  children = [
                                                                               Command(
                                                                                 parts = [
                                                                                           CommandPart(
                                                                                             name = TextTexTalkNode(
                                                                                               type = TexTalkNodeType.Identifier
                                                                                               tokenType = TexTalkTokenType.Identifier
                                                                                               text = "something"
                                                                                               isVarArg = false
                                                                                             )
                                                                                             square = null
                                                                                             subSup = null
                                                                                             groups = [
                                                                                                      ]
                                                                                             paren = null
                                                                                             namedGroups = [
                                                                                                           ]
                                                                                           )
                                                                                         ]
                                                                                 hasSuffix = false
                                                                               )
                                                                             ]
                                                                )
                                                              ]
                                                    )
                                                  )
                                                ]
                                   )
                                 )
                                 row = 3
                                 column = 2
                               ),
                               Text(
                                 text = ""something for X...#x...""
                                 row = 4
                                 column = 2
                               )
                             ]
                   row = 2
                   column = 0
                 )
                 row = 2
                 column = 0
               )
               expressingSection = null
               providingSection = null
               usingSection = null
               writtenSection = WrittenSection(
                 forms = [
                           ""something""
                         ]
                 row = 5
                 column = 0
               )
               calledSection = CalledSection(
                 forms = [
                           ""something""
                         ]
                 row = 6
                 column = 0
               )
               metaDataSection = null
               row = 0
               column = 0
             )
           ]
  row = 0
  column = 0
)
