Root(
  groups = [
             Group(
               sections = [
                            Section(
                              name = Phase1Token(
                                text = "Defines"
                                type = ChalkTalkTokenType.Name
                                row = 1
                                column = 0
                              )
                              args = [
                                       Argument(
                                         chalkTalkTarget = Abstraction(
                                           isEnclosed = false
                                           isVarArgs = false
                                           parts = [
                                                     AbstractionPart(
                                                       name = Phase1Token(
                                                         text = "X...#x..."
                                                         type = ChalkTalkTokenType.Name
                                                         row = 1
                                                         column = 9
                                                       )
                                                       subParams = null
                                                       params = null
                                                       tail = null
                                                     )
                                                   ]
                                           subParams = null
                                         )
                                         onNewLine = false
                                       )
                                     ]
                            ),
                            Section(
                              name = Phase1Token(
                                text = "satisfying"
                                type = ChalkTalkTokenType.Name
                                row = 2
                                column = 0
                              )
                              args = [
                                       Argument(
                                         chalkTalkTarget = Phase1Token(
                                           text = "'X is \something'"
                                           type = ChalkTalkTokenType.Statement
                                           row = 3
                                           column = 2
                                         )
                                         onNewLine = true
                                       ),
                                       Argument(
                                         chalkTalkTarget = Phase1Token(
                                           text = ""something for X...#x...""
                                           type = ChalkTalkTokenType.String
                                           row = 4
                                           column = 2
                                         )
                                         onNewLine = true
                                       )
                                     ]
                            ),
                            Section(
                              name = Phase1Token(
                                text = "written"
                                type = ChalkTalkTokenType.Name
                                row = 5
                                column = 0
                              )
                              args = [
                                       Argument(
                                         chalkTalkTarget = Phase1Token(
                                           text = ""something""
                                           type = ChalkTalkTokenType.String
                                           row = 5
                                           column = 9
                                         )
                                         onNewLine = false
                                       )
                                     ]
                            ),
                            Section(
                              name = Phase1Token(
                                text = "called"
                                type = ChalkTalkTokenType.Name
                                row = 6
                                column = 0
                              )
                              args = [
                                       Argument(
                                         chalkTalkTarget = Phase1Token(
                                           text = ""something""
                                           type = ChalkTalkTokenType.String
                                           row = 6
                                           column = 8
                                         )
                                         onNewLine = false
                                       )
                                     ]
                            )
                          ]
               id = Phase1Token(
                 text = "[\f{x...}]"
                 type = ChalkTalkTokenType.Id
                 row = 0
                 column = 0
               )
             )
           ]
)
