ExpressionTexTalkNode(
  children = [
               OperatorTexTalkNode(
                 lhs = TextTexTalkNode(
                   type = TexTalkNodeType.Identifier
                   tokenType = TexTalkTokenType.Identifier
                   text = "a"
                   isVarArg = false
                 )
                 command = Command(
                   parts = [
                             CommandPart(
                               name = TextTexTalkNode(
                                 type = TexTalkNodeType.Identifier
                                 tokenType = TexTalkTokenType.Identifier
                                 text = "integer.+/"
                                 isVarArg = false
                               )
                               square = null
                               subSup = null
                               groups = [
                                        ]
                               paren = null
                               namedGroups = [
                                             ]
                             )
                           ]
                   hasSuffix = false
                 )
                 rhs = TextTexTalkNode(
                   type = TexTalkNodeType.Identifier
                   tokenType = TexTalkTokenType.Identifier
                   text = "b"
                   isVarArg = false
                 )
               )
             ]
)
