Row: 3
Column: 0
Message:
For pattern:

States:
requiring?:
when?:
context?:
that:
using?:
written:
called:
Metadata?:

Expected 'called' but found 'states'
EndMessage: