Document(
  groups = [
             TheoremGroup(
               signature = null
               id = null
               theoremSection = TheoremSection(
                 names = [
                         ]
                 row = 0
                 column = 0
               )
               givenSection = null
               whereSection = null
               suchThatSection = null
               thenSection = ThenSection(
                 clauses = ClauseListNode(
                   clauses = [
                               Text(
                                 text = ""something""
                                 row = 2
                                 column = 2
                                 isInline = false
                               )
                             ]
                   row = 1
                   column = 0
                 )
                 row = 1
                 column = 0
               )
               iffSection = null
               usingSection = null
               proofSection = null
               metaDataSection = MetaDataSection(
                 items = [
                           StringSectionGroup(
                             section = StringSection(
                               name = "tag"
                               values = [
                                          ""a"",
                                          ""b"",
                                          ""c""
                                        ]
                               row = 4
                               column = 2
                             )
                             row = 4
                             column = 2
                           )
                         ]
                 row = 3
                 column = 0
               )
               row = 0
               column = 0
             )
           ]
  row = 0
  column = 0
)
