Document(
  groups = [
             TheoremGroup(
               signature = null
               id = null
               theoremSection = TheoremSection(
                 names = [
                         ]
                 row = 0
                 column = 0
               )
               givenSection = null
               whenSection = null
               thenSection = ThenSection(
                 clauses = ClauseListNode(
                   clauses = [
                               AbstractionNode(
                                 abstraction = Abstraction(
                                   isEnclosed = false
                                   isVarArgs = false
                                   parts = [
                                             AbstractionPart(
                                               name = Phase1Token(
                                                 text = "*"
                                                 type = ChalkTalkTokenType.Name
                                                 row = 1
                                                 column = 6
                                               )
                                               subParams = null
                                               params = null
                                               tail = null
                                               row = 1
                                               column = 6
                                             )
                                           ]
                                   subParams = null
                                   row = 1
                                   column = 6
                                 )
                                 row = 1
                                 column = 6
                               )
                             ]
                   row = 1
                   column = 0
                 )
                 row = 1
                 column = 0
               )
               iffSection = null
               usingSection = null
               proofSection = null
               metaDataSection = null
               row = 0
               column = 0
             )
           ]
  row = 0
  column = 0
)
