Root(
  groups = [
             Group(
               sections = [
                            Section(
                              name = Phase1Token(
                                text = "Theorem"
                                type = ChalkTalkTokenType.Name
                                row = 0
                                column = 0
                              )
                              args = [
                                     ]
                              row = 0
                              column = 0
                            ),
                            Section(
                              name = Phase1Token(
                                text = "then"
                                type = ChalkTalkTokenType.Name
                                row = 1
                                column = 0
                              )
                              args = [
                                       Argument(
                                         chalkTalkTarget = Group(
                                           sections = [
                                                        Section(
                                                          name = Phase1Token(
                                                            text = "forAll"
                                                            type = ChalkTalkTokenType.Name
                                                            row = 2
                                                            column = 2
                                                          )
                                                          args = [
                                                                   Argument(
                                                                     chalkTalkTarget = Abstraction(
                                                                       isEnclosed = true
                                                                       isVarArgs = false
                                                                       parts = [
                                                                                 AbstractionPart(
                                                                                   name = Phase1Token(
                                                                                     text = "f"
                                                                                     type = ChalkTalkTokenType.Name
                                                                                     row = 2
                                                                                     column = 11
                                                                                   )
                                                                                   subParams = null
                                                                                   params = [
                                                                                              Phase1Token(
                                                                                                text = "x"
                                                                                                type = ChalkTalkTokenType.Name
                                                                                                row = 2
                                                                                                column = 13
                                                                                              )
                                                                                            ]
                                                                                   tail = null
                                                                                   row = 2
                                                                                   column = 11
                                                                                 )
                                                                               ]
                                                                       subParams = null
                                                                       row = 2
                                                                       column = 10
                                                                     )
                                                                     row = 2
                                                                     column = 10
                                                                   )
                                                                 ]
                                                          row = 2
                                                          column = 2
                                                        ),
                                                        Section(
                                                          name = Phase1Token(
                                                            text = "then"
                                                            type = ChalkTalkTokenType.Name
                                                            row = 3
                                                            column = 2
                                                          )
                                                          args = [
                                                                   Argument(
                                                                     chalkTalkTarget = Abstraction(
                                                                       isEnclosed = false
                                                                       isVarArgs = false
                                                                       parts = [
                                                                                 AbstractionPart(
                                                                                   name = Phase1Token(
                                                                                     text = "x"
                                                                                     type = ChalkTalkTokenType.Name
                                                                                     row = 3
                                                                                     column = 8
                                                                                   )
                                                                                   subParams = null
                                                                                   params = null
                                                                                   tail = null
                                                                                   row = 3
                                                                                   column = 8
                                                                                 )
                                                                               ]
                                                                       subParams = null
                                                                       row = 3
                                                                       column = 8
                                                                     )
                                                                     row = 3
                                                                     column = 8
                                                                   )
                                                                 ]
                                                          row = 3
                                                          column = 2
                                                        )
                                                      ]
                                           id = null
                                           row = 2
                                           column = 2
                                         )
                                         row = 2
                                         column = 2
                                       )
                                     ]
                              row = 1
                              column = 0
                            )
                          ]
               id = null
               row = 0
               column = 0
             )
           ]
  row = 0
  column = 0
)
