Document(
  groups = [
             TheoremGroup(
               signature = null
               id = null
               theoremSection = TheoremSection(
                 names = [
                         ]
               )
               givenSection = null
               whenSection = null
               thenSection = ThenSection(
                 clauses = ClauseListNode(
                   clauses = [
                               ForAllGroup(
                                 forAllSection = ForAllSection(
                                   targets = [
                                               AbstractionNode(
                                                 abstraction = Abstraction(
                                                   isEnclosed = true
                                                   isVarArgs = false
                                                   parts = [
                                                             AbstractionPart(
                                                               name = Phase1Token(
                                                                 text = "a_k"
                                                                 type = ChalkTalkTokenType.Name
                                                                 row = 2
                                                                 column = 11
                                                               )
                                                               subParams = null
                                                               params = null
                                                               tail = null
                                                             )
                                                           ]
                                                   subParams = [
                                                                 Phase1Token(
                                                                   text = "k"
                                                                   type = ChalkTalkTokenType.Name
                                                                   row = 2
                                                                   column = 16
                                                                 )
                                                               ]
                                                 )
                                               )
                                             ]
                                 )
                                 suchThatSection = null
                                 thenSection = ThenSection(
                                   clauses = ClauseListNode(
                                     clauses = [
                                                 Text(
                                                   text = ""something""
                                                 )
                                               ]
                                   )
                                 )
                               )
                             ]
                 )
               )
               iffSection = null
               usingSection = null
               proofSection = null
               metaDataSection = null
             )
           ]
)
