Document(
  groups = [
             DefinesCollectsGroup(
               signature = Signature(
                 form = "\evens"
                 location = Location(
                   row = 0
                   column = 0
                 )
               )
               id = IdStatement(
                 text = "\evens"
                 texTalkRoot = ValidationSuccessImpl(
                   v = ExpressionTexTalkNode(
                     children = [
                                  Command(
                                    parts = [
                                              CommandPart(
                                                name = TextTexTalkNode(
                                                  type = TexTalkNodeType.Identifier
                                                  tokenType = TexTalkTokenType.Identifier
                                                  text = "evens"
                                                  isVarArg = false
                                                )
                                                square = null
                                                subSup = null
                                                groups = [
                                                         ]
                                                paren = null
                                                namedGroups = [
                                                              ]
                                              )
                                            ]
                                    hasSuffix = false
                                  )
                                ]
                   )
                 )
               )
               definesSection = DefinesSection(
                 targets = [
                             AbstractionNode(
                               abstraction = Abstraction(
                                 isEnclosed = false
                                 isVarArgs = false
                                 parts = [
                                           AbstractionPart(
                                             name = Phase1Token(
                                               text = "X"
                                               type = ChalkTalkTokenType.Name
                                               row = 1
                                               column = 9
                                             )
                                             subParams = null
                                             params = null
                                             tail = null
                                           )
                                         ]
                                 subParams = null
                               )
                             )
                           ]
               )
               requiringSection = null
               whenSection = null
               meansSection = MeansSection(
                 clauses = ClauseListNode(
                   clauses = [
                               Statement(
                                 text = "X is \set"
                                 texTalkRoot = ValidationSuccessImpl(
                                   v = ExpressionTexTalkNode(
                                     children = [
                                                  IsTexTalkNode(
                                                    lhs = ParametersTexTalkNode(
                                                      items = [
                                                                ExpressionTexTalkNode(
                                                                  children = [
                                                                               TextTexTalkNode(
                                                                                 type = TexTalkNodeType.Identifier
                                                                                 tokenType = TexTalkTokenType.Identifier
                                                                                 text = "X"
                                                                                 isVarArg = false
                                                                               )
                                                                             ]
                                                                )
                                                              ]
                                                    )
                                                    rhs = ParametersTexTalkNode(
                                                      items = [
                                                                ExpressionTexTalkNode(
                                                                  children = [
                                                                               Command(
                                                                                 parts = [
                                                                                           CommandPart(
                                                                                             name = TextTexTalkNode(
                                                                                               type = TexTalkNodeType.Identifier
                                                                                               tokenType = TexTalkTokenType.Identifier
                                                                                               text = "set"
                                                                                               isVarArg = false
                                                                                             )
                                                                                             square = null
                                                                                             subSup = null
                                                                                             groups = [
                                                                                                      ]
                                                                                             paren = null
                                                                                             namedGroups = [
                                                                                                           ]
                                                                                           )
                                                                                         ]
                                                                                 hasSuffix = false
                                                                               )
                                                                             ]
                                                                )
                                                              ]
                                                    )
                                                  )
                                                ]
                                   )
                                 )
                               )
                             ]
                 )
               )
               collectsSection = CollectsSection(
                 givenGroup = GivenGroup(
                   givenSection = GivenSection(
                     targets = [
                                 AbstractionNode(
                                   abstraction = Abstraction(
                                     isEnclosed = false
                                     isVarArgs = false
                                     parts = [
                                               AbstractionPart(
                                                 name = Phase1Token(
                                                   text = "k"
                                                   type = ChalkTalkTokenType.Name
                                                   row = 4
                                                   column = 9
                                                 )
                                                 subParams = null
                                                 params = null
                                                 tail = null
                                               )
                                             ]
                                     subParams = null
                                   )
                                 )
                               ]
                   )
                   whereSection = WhereSection(
                     clauses = ClauseListNode(
                       clauses = [
                                   Statement(
                                     text = "k is \integer"
                                     texTalkRoot = ValidationSuccessImpl(
                                       v = ExpressionTexTalkNode(
                                         children = [
                                                      IsTexTalkNode(
                                                        lhs = ParametersTexTalkNode(
                                                          items = [
                                                                    ExpressionTexTalkNode(
                                                                      children = [
                                                                                   TextTexTalkNode(
                                                                                     type = TexTalkNodeType.Identifier
                                                                                     tokenType = TexTalkTokenType.Identifier
                                                                                     text = "k"
                                                                                     isVarArg = false
                                                                                   )
                                                                                 ]
                                                                    )
                                                                  ]
                                                        )
                                                        rhs = ParametersTexTalkNode(
                                                          items = [
                                                                    ExpressionTexTalkNode(
                                                                      children = [
                                                                                   Command(
                                                                                     parts = [
                                                                                               CommandPart(
                                                                                                 name = TextTexTalkNode(
                                                                                                   type = TexTalkNodeType.Identifier
                                                                                                   tokenType = TexTalkTokenType.Identifier
                                                                                                   text = "integer"
                                                                                                   isVarArg = false
                                                                                                 )
                                                                                                 square = null
                                                                                                 subSup = null
                                                                                                 groups = [
                                                                                                          ]
                                                                                                 paren = null
                                                                                                 namedGroups = [
                                                                                                               ]
                                                                                               )
                                                                                             ]
                                                                                     hasSuffix = false
                                                                                   )
                                                                                 ]
                                                                    )
                                                                  ]
                                                        )
                                                      )
                                                    ]
                                       )
                                     )
                                   )
                                 ]
                     )
                   )
                   allSection = AllSection(
                     statement = Statement(
                       text = "2*k"
                       texTalkRoot = ValidationSuccessImpl(
                         v = ExpressionTexTalkNode(
                           children = [
                                        OperatorTexTalkNode(
                                          lhs = TextTexTalkNode(
                                            type = TexTalkNodeType.Identifier
                                            tokenType = TexTalkTokenType.Identifier
                                            text = "2"
                                            isVarArg = false
                                          )
                                          command = TextTexTalkNode(
                                            type = TexTalkNodeType.Operator
                                            tokenType = TexTalkTokenType.Operator
                                            text = "*"
                                            isVarArg = false
                                          )
                                          rhs = TextTexTalkNode(
                                            type = TexTalkNodeType.Identifier
                                            tokenType = TexTalkTokenType.Identifier
                                            text = "k"
                                            isVarArg = false
                                          )
                                        )
                                      ]
                         )
                       )
                     )
                   )
                   suchThatSection = SuchThatSection(
                     clauses = ClauseListNode(
                       clauses = [
                                   Statement(
                                     text = "k > 10"
                                     texTalkRoot = ValidationSuccessImpl(
                                       v = ExpressionTexTalkNode(
                                         children = [
                                                      OperatorTexTalkNode(
                                                        lhs = TextTexTalkNode(
                                                          type = TexTalkNodeType.Identifier
                                                          tokenType = TexTalkTokenType.Identifier
                                                          text = "k"
                                                          isVarArg = false
                                                        )
                                                        command = TextTexTalkNode(
                                                          type = TexTalkNodeType.Operator
                                                          tokenType = TexTalkTokenType.Operator
                                                          text = ">"
                                                          isVarArg = false
                                                        )
                                                        rhs = TextTexTalkNode(
                                                          type = TexTalkNodeType.Identifier
                                                          tokenType = TexTalkTokenType.Identifier
                                                          text = "10"
                                                          isVarArg = false
                                                        )
                                                      )
                                                    ]
                                       )
                                     )
                                   )
                                 ]
                     )
                   )
                 )
               )
               viewingSection = null
               usingSection = null
               writtenSection = WrittenSection(
                 forms = [
                           ""\textrm{evens}""
                         ]
               )
               calledSection = CalledSection(
                 forms = [
                           ""evens""
                         ]
               )
               metaDataSection = null
             )
           ]
)
