Root(
  groups = [
             Group(
               sections = [
                            Section(
                              name = Phase1Token(
                                text = "Defines"
                                type = ChalkTalkTokenType.Name
                                row = 1
                                column = 0
                              )
                              args = [
                                       Argument(
                                         chalkTalkTarget = Abstraction(
                                           isEnclosed = false
                                           isVarArgs = false
                                           parts = [
                                                     AbstractionPart(
                                                       name = Phase1Token(
                                                         text = "X"
                                                         type = ChalkTalkTokenType.Name
                                                         row = 1
                                                         column = 9
                                                       )
                                                       subParams = null
                                                       params = null
                                                       tail = null
                                                     )
                                                   ]
                                           subParams = null
                                         )
                                       )
                                     ]
                            ),
                            Section(
                              name = Phase1Token(
                                text = "means"
                                type = ChalkTalkTokenType.Name
                                row = 2
                                column = 0
                              )
                              args = [
                                       Argument(
                                         chalkTalkTarget = Phase1Token(
                                           text = "'X is \set'"
                                           type = ChalkTalkTokenType.Statement
                                           row = 2
                                           column = 7
                                         )
                                       )
                                     ]
                            ),
                            Section(
                              name = Phase1Token(
                                text = "collects"
                                type = ChalkTalkTokenType.Name
                                row = 3
                                column = 0
                              )
                              args = [
                                       Argument(
                                         chalkTalkTarget = Group(
                                           sections = [
                                                        Section(
                                                          name = Phase1Token(
                                                            text = "given"
                                                            type = ChalkTalkTokenType.Name
                                                            row = 4
                                                            column = 2
                                                          )
                                                          args = [
                                                                   Argument(
                                                                     chalkTalkTarget = Abstraction(
                                                                       isEnclosed = false
                                                                       isVarArgs = false
                                                                       parts = [
                                                                                 AbstractionPart(
                                                                                   name = Phase1Token(
                                                                                     text = "k"
                                                                                     type = ChalkTalkTokenType.Name
                                                                                     row = 4
                                                                                     column = 9
                                                                                   )
                                                                                   subParams = null
                                                                                   params = null
                                                                                   tail = null
                                                                                 )
                                                                               ]
                                                                       subParams = null
                                                                     )
                                                                   )
                                                                 ]
                                                        ),
                                                        Section(
                                                          name = Phase1Token(
                                                            text = "where"
                                                            type = ChalkTalkTokenType.Name
                                                            row = 5
                                                            column = 2
                                                          )
                                                          args = [
                                                                   Argument(
                                                                     chalkTalkTarget = Phase1Token(
                                                                       text = "'k is \integer'"
                                                                       type = ChalkTalkTokenType.Statement
                                                                       row = 5
                                                                       column = 9
                                                                     )
                                                                   )
                                                                 ]
                                                        ),
                                                        Section(
                                                          name = Phase1Token(
                                                            text = "all"
                                                            type = ChalkTalkTokenType.Name
                                                            row = 6
                                                            column = 2
                                                          )
                                                          args = [
                                                                   Argument(
                                                                     chalkTalkTarget = Phase1Token(
                                                                       text = "'2*k'"
                                                                       type = ChalkTalkTokenType.Statement
                                                                       row = 6
                                                                       column = 7
                                                                     )
                                                                   )
                                                                 ]
                                                        ),
                                                        Section(
                                                          name = Phase1Token(
                                                            text = "suchThat"
                                                            type = ChalkTalkTokenType.Name
                                                            row = 7
                                                            column = 2
                                                          )
                                                          args = [
                                                                   Argument(
                                                                     chalkTalkTarget = Phase1Token(
                                                                       text = "'k > 10'"
                                                                       type = ChalkTalkTokenType.Statement
                                                                       row = 7
                                                                       column = 12
                                                                     )
                                                                   )
                                                                 ]
                                                        )
                                                      ]
                                           id = null
                                         )
                                       )
                                     ]
                            ),
                            Section(
                              name = Phase1Token(
                                text = "written"
                                type = ChalkTalkTokenType.Name
                                row = 8
                                column = 0
                              )
                              args = [
                                       Argument(
                                         chalkTalkTarget = Phase1Token(
                                           text = ""\textrm{evens}""
                                           type = ChalkTalkTokenType.String
                                           row = 8
                                           column = 9
                                         )
                                       )
                                     ]
                            ),
                            Section(
                              name = Phase1Token(
                                text = "called"
                                type = ChalkTalkTokenType.Name
                                row = 9
                                column = 0
                              )
                              args = [
                                       Argument(
                                         chalkTalkTarget = Phase1Token(
                                           text = ""evens""
                                           type = ChalkTalkTokenType.String
                                           row = 9
                                           column = 8
                                         )
                                       )
                                     ]
                            )
                          ]
               id = Phase1Token(
                 text = "[\evens]"
                 type = ChalkTalkTokenType.Id
                 row = 0
                 column = 0
               )
             )
           ]
)
