Document(
  groups = [
             ResourceGroup(
               id = "id"
               resourceSection = ResourceSection(
                 items = [
                           StringSectionGroup(
                             section = StringSection(
                               name = "name"
                               values = [
                                          ""some name""
                                        ]
                               row = 2
                               column = 2
                             )
                             row = 2
                             column = 2
                           ),
                           StringSectionGroup(
                             section = StringSection(
                               name = "author"
                               values = [
                                          ""author1""
                                        ]
                               row = 3
                               column = 2
                             )
                             row = 3
                             column = 2
                           )
                         ]
                 row = 1
                 column = 0
               )
               metaDataSection = null
               row = 0
               column = 0
             )
           ]
  row = 0
  column = 0
)
