Root(
  groups = [
             Group(
               sections = [
                            Section(
                              name = Phase1Token(
                                text = "Theorem"
                                type = ChalkTalkTokenType.Name
                                row = 0
                                column = 0
                              )
                              args = [
                                     ]
                            ),
                            Section(
                              name = Phase1Token(
                                text = "then"
                                type = ChalkTalkTokenType.Name
                                row = 1
                                column = 0
                              )
                              args = [
                                       Argument(
                                         chalkTalkTarget = Phase1Token(
                                           text = ""something""
                                           type = ChalkTalkTokenType.String
                                           row = 2
                                           column = 2
                                         )
                                       )
                                     ]
                            ),
                            Section(
                              name = Phase1Token(
                                text = "Metadata"
                                type = ChalkTalkTokenType.Name
                                row = 3
                                column = 0
                              )
                              args = [
                                       Argument(
                                         chalkTalkTarget = Group(
                                           sections = [
                                                        Section(
                                                          name = Phase1Token(
                                                            text = "tag"
                                                            type = ChalkTalkTokenType.Name
                                                            row = 4
                                                            column = 2
                                                          )
                                                          args = [
                                                                   Argument(
                                                                     chalkTalkTarget = Phase1Token(
                                                                       text = ""a""
                                                                       type = ChalkTalkTokenType.String
                                                                       row = 5
                                                                       column = 4
                                                                     )
                                                                   )
                                                                 ]
                                                        )
                                                      ]
                                           id = null
                                         )
                                       )
                                     ]
                            )
                          ]
               id = null
             )
           ]
)
