Root(
  groups = [
             Group(
               sections = [
                            Section(
                              name = Phase1Token(
                                text = "Theorem"
                                type = ChalkTalkTokenType.Name
                                row = 0
                                column = 0
                              )
                              args = [
                                     ]
                              row = 0
                              column = 0
                            ),
                            Section(
                              name = Phase1Token(
                                text = "then"
                                type = ChalkTalkTokenType.Name
                                row = 1
                                column = 0
                              )
                              args = [
                                       Argument(
                                         chalkTalkTarget = Abstraction(
                                           isEnclosed = false
                                           isVarArgs = false
                                           parts = [
                                                     AbstractionPart(
                                                       name = Phase1Token(
                                                         text = "f"
                                                         type = ChalkTalkTokenType.Name
                                                         row = 1
                                                         column = 6
                                                       )
                                                       subParams = null
                                                       params = [
                                                                  Phase1Token(
                                                                    text = "x"
                                                                    type = ChalkTalkTokenType.Name
                                                                    row = 1
                                                                    column = 8
                                                                  )
                                                                ]
                                                       tail = null
                                                       row = 1
                                                       column = 6
                                                     )
                                                   ]
                                           subParams = null
                                           row = 1
                                           column = 6
                                         )
                                         row = 1
                                         column = 6
                                       )
                                     ]
                              row = 1
                              column = 0
                            )
                          ]
               id = null
               row = 0
               column = 0
             )
           ]
  row = 0
  column = 0
)
