Root(
  groups = [
             Group(
               sections = [
                            Section(
                              name = Phase1Token(
                                text = "Defines"
                                type = ChalkTalkTokenType.Name
                                row = 1
                                column = 0
                              )
                              args = [
                                       Argument(
                                         chalkTalkTarget = Abstraction(
                                           isEnclosed = false
                                           isVarArgs = false
                                           parts = [
                                                     AbstractionPart(
                                                       name = Phase1Token(
                                                         text = "f"
                                                         type = ChalkTalkTokenType.Name
                                                         row = 1
                                                         column = 9
                                                       )
                                                       subParams = null
                                                       params = [
                                                                  Phase1Token(
                                                                    text = "x"
                                                                    type = ChalkTalkTokenType.Name
                                                                    row = 1
                                                                    column = 11
                                                                  )
                                                                ]
                                                       tail = null
                                                     )
                                                   ]
                                           subParams = null
                                         )
                                       )
                                     ]
                            ),
                            Section(
                              name = Phase1Token(
                                text = "means"
                                type = ChalkTalkTokenType.Name
                                row = 2
                                column = 0
                              )
                              args = [
                                       Argument(
                                         chalkTalkTarget = Phase1Token(
                                           text = "'f is \function'"
                                           type = ChalkTalkTokenType.Statement
                                           row = 2
                                           column = 7
                                         )
                                       )
                                     ]
                            ),
                            Section(
                              name = Phase1Token(
                                text = "maps"
                                type = ChalkTalkTokenType.Name
                                row = 3
                                column = 0
                              )
                              args = [
                                       Argument(
                                         chalkTalkTarget = Group(
                                           sections = [
                                                        Section(
                                                          name = Phase1Token(
                                                            text = "from"
                                                            type = ChalkTalkTokenType.Name
                                                            row = 4
                                                            column = 2
                                                          )
                                                          args = [
                                                                   Argument(
                                                                     chalkTalkTarget = Phase1Token(
                                                                       text = "'A'"
                                                                       type = ChalkTalkTokenType.Statement
                                                                       row = 4
                                                                       column = 8
                                                                     )
                                                                   )
                                                                 ]
                                                        ),
                                                        Section(
                                                          name = Phase1Token(
                                                            text = "to"
                                                            type = ChalkTalkTokenType.Name
                                                            row = 5
                                                            column = 2
                                                          )
                                                          args = [
                                                                   Argument(
                                                                     chalkTalkTarget = Phase1Token(
                                                                       text = "'A'"
                                                                       type = ChalkTalkTokenType.Statement
                                                                       row = 5
                                                                       column = 6
                                                                     )
                                                                   )
                                                                 ]
                                                        )
                                                      ]
                                           id = null
                                         )
                                       )
                                     ]
                            ),
                            Section(
                              name = Phase1Token(
                                text = "written"
                                type = ChalkTalkTokenType.Name
                                row = 6
                                column = 0
                              )
                              args = [
                                       Argument(
                                         chalkTalkTarget = Phase1Token(
                                           text = ""f(x?)""
                                           type = ChalkTalkTokenType.String
                                           row = 6
                                           column = 9
                                         )
                                       )
                                     ]
                            ),
                            Section(
                              name = Phase1Token(
                                text = "called"
                                type = ChalkTalkTokenType.Name
                                row = 7
                                column = 0
                              )
                              args = [
                                       Argument(
                                         chalkTalkTarget = Phase1Token(
                                           text = ""f""
                                           type = ChalkTalkTokenType.String
                                           row = 7
                                           column = 8
                                         )
                                       )
                                     ]
                            )
                          ]
               id = Phase1Token(
                 text = "[\f(x)]"
                 type = ChalkTalkTokenType.Id
                 row = 0
                 column = 0
               )
             )
           ]
)
