Document(
  groups = [
             DefinesMapsGroup(
               signature = Signature(
                 form = "\f"
                 location = Location(
                   row = 0
                   column = 0
                 )
               )
               id = IdStatement(
                 text = "\f(x)"
                 texTalkRoot = ValidationSuccessImpl(
                   v = ExpressionTexTalkNode(
                     children = [
                                  Command(
                                    parts = [
                                              CommandPart(
                                                name = TextTexTalkNode(
                                                  type = TexTalkNodeType.Identifier
                                                  tokenType = TexTalkTokenType.Identifier
                                                  text = "f"
                                                  isVarArg = false
                                                )
                                                square = null
                                                subSup = null
                                                groups = [
                                                         ]
                                                paren = GroupTexTalkNode(
                                                  type = TexTalkNodeType.ParenGroup
                                                  parameters = ParametersTexTalkNode(
                                                    items = [
                                                              ExpressionTexTalkNode(
                                                                children = [
                                                                             TextTexTalkNode(
                                                                               type = TexTalkNodeType.Identifier
                                                                               tokenType = TexTalkTokenType.Identifier
                                                                               text = "x"
                                                                               isVarArg = false
                                                                             )
                                                                           ]
                                                              )
                                                            ]
                                                  )
                                                  isVarArg = false
                                                )
                                                namedGroups = [
                                                              ]
                                              )
                                            ]
                                    hasSuffix = false
                                  )
                                ]
                   )
                 )
               )
               definesSection = DefinesSection(
                 targets = [
                             AbstractionNode(
                               abstraction = Abstraction(
                                 isEnclosed = false
                                 isVarArgs = false
                                 parts = [
                                           AbstractionPart(
                                             name = Phase1Token(
                                               text = "f"
                                               type = ChalkTalkTokenType.Name
                                               row = 1
                                               column = 9
                                             )
                                             subParams = null
                                             params = [
                                                        Phase1Token(
                                                          text = "x"
                                                          type = ChalkTalkTokenType.Name
                                                          row = 1
                                                          column = 11
                                                        )
                                                      ]
                                             tail = null
                                           )
                                         ]
                                 subParams = null
                               )
                             )
                           ]
               )
               requiringSection = null
               whenSection = null
               meansSection = MeansSection(
                 clauses = ClauseListNode(
                   clauses = [
                               Statement(
                                 text = "f is \function"
                                 texTalkRoot = ValidationSuccessImpl(
                                   v = ExpressionTexTalkNode(
                                     children = [
                                                  IsTexTalkNode(
                                                    lhs = ParametersTexTalkNode(
                                                      items = [
                                                                ExpressionTexTalkNode(
                                                                  children = [
                                                                               TextTexTalkNode(
                                                                                 type = TexTalkNodeType.Identifier
                                                                                 tokenType = TexTalkTokenType.Identifier
                                                                                 text = "f"
                                                                                 isVarArg = false
                                                                               )
                                                                             ]
                                                                )
                                                              ]
                                                    )
                                                    rhs = ParametersTexTalkNode(
                                                      items = [
                                                                ExpressionTexTalkNode(
                                                                  children = [
                                                                               Command(
                                                                                 parts = [
                                                                                           CommandPart(
                                                                                             name = TextTexTalkNode(
                                                                                               type = TexTalkNodeType.Identifier
                                                                                               tokenType = TexTalkTokenType.Identifier
                                                                                               text = "function"
                                                                                               isVarArg = false
                                                                                             )
                                                                                             square = null
                                                                                             subSup = null
                                                                                             groups = [
                                                                                                      ]
                                                                                             paren = null
                                                                                             namedGroups = [
                                                                                                           ]
                                                                                           )
                                                                                         ]
                                                                                 hasSuffix = false
                                                                               )
                                                                             ]
                                                                )
                                                              ]
                                                    )
                                                  )
                                                ]
                                   )
                                 )
                               )
                             ]
                 )
               )
               mapsSection = MapsSection(
                 fromGroup = FromGroup(
                   fromSection = FromSection(
                     statements = [
                                    Statement(
                                      text = "A"
                                      texTalkRoot = ValidationSuccessImpl(
                                        v = ExpressionTexTalkNode(
                                          children = [
                                                       TextTexTalkNode(
                                                         type = TexTalkNodeType.Identifier
                                                         tokenType = TexTalkTokenType.Identifier
                                                         text = "A"
                                                         isVarArg = false
                                                       )
                                                     ]
                                        )
                                      )
                                    )
                                  ]
                   )
                   toSection = ToSection(
                     statements = [
                                    Statement(
                                      text = "A"
                                      texTalkRoot = ValidationSuccessImpl(
                                        v = ExpressionTexTalkNode(
                                          children = [
                                                       TextTexTalkNode(
                                                         type = TexTalkNodeType.Identifier
                                                         tokenType = TexTalkTokenType.Identifier
                                                         text = "A"
                                                         isVarArg = false
                                                       )
                                                     ]
                                        )
                                      )
                                    )
                                  ]
                   )
                 )
               )
               satisfyingSection = null
               viewingSection = null
               usingSection = null
               writtenSection = WrittenSection(
                 forms = [
                           ""f(x?)""
                         ]
               )
               calledSection = CalledSection(
                 forms = [
                           ""f""
                         ]
               )
               metaDataSection = null
             )
           ]
)
