Document(
  groups = [
             TheoremGroup(
               signature = null
               id = null
               theoremSection = TheoremSection(
                 names = [
                         ]
               )
               givenSection = null
               ifOrIffSection = null
               thenSection = ThenSection(
                 clauses = ClauseListNode(
                   clauses = [
                               ForAllGroup(
                                 forAllSection = ForAllSection(
                                   targets = [
                                               AbstractionNode(
                                                 abstraction = Abstraction(
                                                   isEnclosed = false
                                                   isVarArgs = false
                                                   parts = [
                                                             AbstractionPart(
                                                               name = Phase1Token(
                                                                 text = "a"
                                                                 type = ChalkTalkTokenType.Name
                                                                 row = 2
                                                                 column = 10
                                                               )
                                                               subParams = [
                                                                           ]
                                                               params = [
                                                                          Phase1Token(
                                                                            text = "x"
                                                                            type = ChalkTalkTokenType.Name
                                                                            row = 2
                                                                            column = 15
                                                                          ),
                                                                          Phase1Token(
                                                                            text = "y"
                                                                            type = ChalkTalkTokenType.Name
                                                                            row = 2
                                                                            column = 18
                                                                          )
                                                                        ]
                                                               tail = null
                                                             )
                                                           ]
                                                   subParams = null
                                                 )
                                               )
                                             ]
                                 )
                                 suchThatSection = null
                                 thenSection = ThenSection(
                                   clauses = ClauseListNode(
                                     clauses = [
                                                 AbstractionNode(
                                                   abstraction = Abstraction(
                                                     isEnclosed = false
                                                     isVarArgs = false
                                                     parts = [
                                                               AbstractionPart(
                                                                 name = Phase1Token(
                                                                   text = "b"
                                                                   type = ChalkTalkTokenType.Name
                                                                   row = 3
                                                                   column = 8
                                                                 )
                                                                 subParams = null
                                                                 params = null
                                                                 tail = null
                                                               )
                                                             ]
                                                     subParams = null
                                                   )
                                                 )
                                               ]
                                   )
                                 )
                               )
                             ]
                 )
               )
               usingSection = null
               proofSection = null
               metaDataSection = null
             )
           ]
)
