Row: 2
Column: 0
Message:
For pattern:

Defines:
given?:
when?:
means?:
satisfying?:
expressing?:
viewing?:
using?:
written:
called?:
Metadata?:

Expected 'written' but found 'assumes'
EndMessage: